AORE4,AEIRE4333,OKRE4253,AARE4268,T1803-3jlss,T333-253k,LR620v2,LR209v0,1*age,26l26lk*iio,LR700v1,ytdfdzb21,67fbgbfg,WWWER346,T3wqa*iiia